4/€</€D/€L/€T/€\/€¤B€¬B€´B€¼B€ÄB€ÌB€ôV€üd€l€,€€4€€<€€D€€L€€T€€\€€d€€l€€$†€,†€4†€,˜€4˜€<˜€D˜€L˜€T˜€\˜€d˜€l˜€t˜€|˜€„˜€Œ˜€”˜€œ˜€¤˜€¬˜€´˜€¼˜€Ä˜€Ì˜€Ô˜€Ü˜€ä˜€ì˜€ô˜€ü˜€™€™€™€™€$™€,™€4™€<™€D™€L™€T™€\™€d™€l™€t™€|™€„™€Œ™€”™€œ™€¤™€¬™€